2026-08-23T17:18:32.807730Z  INFO herdr::logging: herdr starting event="app.startup" subsystem="client" outcome="started" pid=46308
2026-08-23T17:18:32.807793Z  INFO herdr::client: connecting to server path=/Users/uyen/.config/herdr/herdr-client.sock
2026-08-23T17:18:33.028350Z  INFO herdr::client: handshake succeeded version=20 encoding=SemanticFrame
2026-08-23T17:34:35.369893Z  WARN herdr::raw_input: flushing lone escape after input timeout; if this follows an alt chord or focus switch it may reach the pane as plain esc bytes=[27]
2026-08-23T17:34:35.370888Z  WARN herdr::raw_input: flushing lone escape after input timeout; if this follows an alt chord or focus switch it may reach the pane as plain esc bytes=[27]
2026-08-23T17:34:39.397938Z  WARN herdr::raw_input: flushing lone escape after input timeout; if this follows an alt chord or focus switch it may reach the pane as plain esc bytes=[27]
2026-08-23T17:34:39.398208Z  WARN herdr::raw_input: flushing lone escape after input timeout; if this follows an alt chord or focus switch it may reach the pane as plain esc bytes=[27]
2026-08-23T17:35:21.436212Z  WARN herdr::raw_input: flushing lone escape after input timeout; if this follows an alt chord or focus switch it may reach the pane as plain esc bytes=[27]
2026-08-23T17:35:21.437205Z  WARN herdr::raw_input: flushing lone escape after input timeout; if this follows an alt chord or focus switch it may reach the pane as plain esc bytes=[27]
2026-08-23T17:35:21.838210Z  WARN herdr::raw_input: flushing lone escape after input timeout; if this follows an alt chord or focus switch it may reach the pane as plain esc bytes=[27]
2026-08-23T17:35:21.838418Z  WARN herdr::raw_input: flushing lone escape after input timeout; if this follows an alt chord or focus switch it may reach the pane as plain esc bytes=[27]
2026-08-23T17:35:27.743912Z  WARN herdr::raw_input: flushing lone escape after input timeout; if this follows an alt chord or focus switch it may reach the pane as plain esc bytes=[27]
2026-08-23T17:35:27.744167Z  WARN herdr::raw_input: flushing lone escape after input timeout; if this follows an alt chord or focus switch it may reach the pane as plain esc bytes=[27]
2026-08-23T17:36:50.786086Z  WARN herdr::raw_input: flushing lone escape after input timeout; if this follows an alt chord or focus switch it may reach the pane as plain esc bytes=[27]
2026-08-23T17:49:52.753223Z  INFO herdr::logging: herdr exiting event="app.shutdown" subsystem="client" outcome="completed" pid=46308
2026-08-23T17:50:00.889027Z  INFO herdr::logging: herdr starting event="app.startup" subsystem="client" outcome="started" pid=56887
2026-08-23T17:50:00.889137Z  INFO herdr::client: connecting to server path=/Users/uyen/.config/herdr/herdr-client.sock
2026-08-23T17:50:01.086989Z  INFO herdr::client: handshake succeeded version=20 encoding=SemanticFrame
2026-08-23T17:50:27.130570Z  WARN herdr::raw_input: flushing lone escape after input timeout; if this follows an alt chord or focus switch it may reach the pane as plain esc bytes=[27]
2026-08-23T17:50:27.130857Z  WARN herdr::raw_input: flushing lone escape after input timeout; if this follows an alt chord or focus switch it may reach the pane as plain esc bytes=[27]
2026-08-23T17:50:48.706086Z  WARN herdr::raw_input: flushing lone escape after input timeout; if this follows an alt chord or focus switch it may reach the pane as plain esc bytes=[27]
2026-08-23T17:50:48.706291Z  WARN herdr::raw_input: flushing lone escape after input timeout; if this follows an alt chord or focus switch it may reach the pane as plain esc bytes=[27]
2026-08-23T17:53:04.368003Z  INFO herdr::logging: herdr exiting event="app.shutdown" subsystem="client" outcome="completed" pid=56887
